2026-04-21 20:17:12.062 [main] INFO  org.ycc.TliasWebManagementApplication-Starting TliasWebManagementApplication using Java 17.0.15 with PID 45757 (/Users/yuanchengle/code/web-project/tlias-web-management/target/classes started by yuanchengle in /Users/yuanchengle/code/web-project)
2026-04-21 20:17:12.062 [main] INFO  org.ycc.TliasWebManagementApplication-No active profile set, falling back to 1 default profile: "default"
2026-04-21 20:17:12.657 [main] INFO  o.s.boot.web.embedded.tomcat.TomcatWebServer-Tomcat initialized with port 8080 (http)
2026-04-21 20:17:12.661 [main] INFO  org.apache.coyote.http11.Http11NioProtocol-Initializing ProtocolHandler ["http-nio-8080"]
2026-04-21 20:17:12.661 [main] INFO  org.apache.catalina.core.StandardService-Starting service [Tomcat]
2026-04-21 20:17:12.661 [main] INFO  org.apache.catalina.core.StandardEngine-Starting Servlet engine: [Apache Tomcat/10.1.53]
2026-04-21 20:17:12.677 [main] INFO  o.a.c.core.ContainerBase.[Tomcat].[localhost].[/]-Initializing Spring embedded WebApplicationContext
2026-04-21 20:17:12.677 [main] INFO  o.s.b.w.s.c.ServletWebServerApplicationContext-Root WebApplicationContext: initialization completed in 600 ms
2026-04-21 20:17:13.051 [main] INFO  o.s.b.actuate.endpoint.web.EndpointLinksResolver-Exposing 1 endpoint beneath base path '/actuator'
2026-04-21 20:17:13.070 [main] INFO  org.apache.coyote.http11.Http11NioProtocol-Starting ProtocolHandler ["http-nio-8080"]
2026-04-21 20:17:13.075 [main] INFO  o.s.boot.web.embedded.tomcat.TomcatWebServer-Tomcat started on port 8080 (http) with context path '/'
2026-04-21 20:17:13.087 [main] INFO  org.ycc.TliasWebManagementApplication-Started TliasWebManagementApplication in 1.164 seconds (process running for 1.499)
2026-04-21 20:17:13.632 [RMI TCP Connection(3)-10.110.70.243] INFO  o.a.c.core.ContainerBase.[Tomcat].[localhost].[/]-Initializing Spring DispatcherServlet 'dispatcherServlet'
2026-04-21 20:17:13.632 [RMI TCP Connection(3)-10.110.70.243] INFO  org.springframework.web.servlet.DispatcherServlet-Initializing Servlet 'dispatcherServlet'
2026-04-21 20:17:13.631 [RMI TCP Connection(1)-10.110.70.243] INFO  com.zaxxer.hikari.HikariDataSource-HikariPool-1 - Starting...
2026-04-21 20:17:13.632 [RMI TCP Connection(3)-10.110.70.243] INFO  org.springframework.web.servlet.DispatcherServlet-Completed initialization in 0 ms
2026-04-21 20:17:13.829 [RMI TCP Connection(1)-10.110.70.243] INFO  com.zaxxer.hikari.pool.HikariPool-HikariPool-1 - Added connection com.mysql.cj.jdbc.ConnectionImpl@33766294
2026-04-21 20:17:13.830 [RMI TCP Connection(1)-10.110.70.243] INFO  com.zaxxer.hikari.HikariDataSource-HikariPool-1 - Start completed.
2026-04-21 20:18:00.239 [SpringApplicationShutdownHook] INFO  o.s.boot.web.embedded.tomcat.GracefulShutdown-Commencing graceful shutdown. Waiting for active requests to complete
2026-04-21 20:18:00.242 [tomcat-shutdown] INFO  o.s.boot.web.embedded.tomcat.GracefulShutdown-Graceful shutdown complete
2026-04-21 20:18:00.245 [SpringApplicationShutdownHook] INFO  com.zaxxer.hikari.HikariDataSource-HikariPool-1 - Shutdown initiated...
2026-04-21 20:18:00.250 [SpringApplicationShutdownHook] INFO  com.zaxxer.hikari.HikariDataSource-HikariPool-1 - Shutdown completed.
2026-04-21 20:18:40.879 [main] INFO  org.ycc.TliasWebManagementApplication-Starting TliasWebManagementApplication using Java 17.0.15 with PID 45816 (/Users/yuanchengle/code/web-project/tlias-web-management/target/classes started by yuanchengle in /Users/yuanchengle/code/web-project)
2026-04-21 20:18:40.879 [main] INFO  org.ycc.TliasWebManagementApplication-No active profile set, falling back to 1 default profile: "default"
2026-04-21 20:18:41.306 [main] INFO  o.s.boot.web.embedded.tomcat.TomcatWebServer-Tomcat initialized with port 8080 (http)
2026-04-21 20:18:41.309 [main] INFO  org.apache.coyote.http11.Http11NioProtocol-Initializing ProtocolHandler ["http-nio-8080"]
2026-04-21 20:18:41.309 [main] INFO  org.apache.catalina.core.StandardService-Starting service [Tomcat]
2026-04-21 20:18:41.310 [main] INFO  org.apache.catalina.core.StandardEngine-Starting Servlet engine: [Apache Tomcat/10.1.53]
2026-04-21 20:18:41.323 [main] INFO  o.a.c.core.ContainerBase.[Tomcat].[localhost].[/]-Initializing Spring embedded WebApplicationContext
2026-04-21 20:18:41.323 [main] INFO  o.s.b.w.s.c.ServletWebServerApplicationContext-Root WebApplicationContext: initialization completed in 430 ms
2026-04-21 20:18:41.649 [main] INFO  o.s.b.actuate.endpoint.web.EndpointLinksResolver-Exposing 1 endpoint beneath base path '/actuator'
2026-04-21 20:18:41.665 [main] INFO  org.apache.coyote.http11.Http11NioProtocol-Starting ProtocolHandler ["http-nio-8080"]
2026-04-21 20:18:41.669 [main] INFO  o.s.boot.web.embedded.tomcat.TomcatWebServer-Tomcat started on port 8080 (http) with context path '/'
2026-04-21 20:18:41.675 [main] INFO  org.ycc.TliasWebManagementApplication-Started TliasWebManagementApplication in 0.916 seconds (process running for 1.133)
2026-04-21 20:18:42.185 [RMI TCP Connection(2)-10.110.70.243] INFO  o.a.c.core.ContainerBase.[Tomcat].[localhost].[/]-Initializing Spring DispatcherServlet 'dispatcherServlet'
2026-04-21 20:18:42.187 [RMI TCP Connection(2)-10.110.70.243] INFO  org.springframework.web.servlet.DispatcherServlet-Initializing Servlet 'dispatcherServlet'
2026-04-21 20:18:42.185 [RMI TCP Connection(1)-10.110.70.243] INFO  com.zaxxer.hikari.HikariDataSource-HikariPool-1 - Starting...
2026-04-21 20:18:42.187 [RMI TCP Connection(2)-10.110.70.243] INFO  org.springframework.web.servlet.DispatcherServlet-Completed initialization in 0 ms
2026-04-21 20:18:42.282 [RMI TCP Connection(1)-10.110.70.243] INFO  com.zaxxer.hikari.pool.HikariPool-HikariPool-1 - Added connection com.mysql.cj.jdbc.ConnectionImpl@9492a28
2026-04-21 20:18:42.283 [RMI TCP Connection(1)-10.110.70.243] INFO  com.zaxxer.hikari.HikariDataSource-HikariPool-1 - Start completed.
2026-04-21 20:20:32.134 [http-nio-8080-exec-2] INFO  org.ycc.controller.DeptController-查询全部的部门数据
2026-04-21 20:20:38.841 [http-nio-8080-exec-3] INFO  org.ycc.controller.DeptController-查询全部的部门数据
2026-04-21 20:25:37.496 [http-nio-8080-exec-1] INFO  org.ycc.controller.DeptController-查询全部的部门数据
2026-04-21 20:25:39.189 [http-nio-8080-exec-4] INFO  org.ycc.controller.DeptController-查询全部的部门数据
2026-04-21 20:33:48.180 [http-nio-8080-exec-5] INFO  org.ycc.controller.DeptController-查询全部的部门数据
2026-04-21 20:33:50.914 [http-nio-8080-exec-6] INFO  org.ycc.controller.DeptController-查询全部的部门数据
2026-04-21 20:35:44.251 [http-nio-8080-exec-7] INFO  org.ycc.controller.DeptController-查询全部的部门数据
2026-04-21 20:35:44.272 [http-nio-8080-exec-7] INFO  org.ycc.controller.DeptController-查询全部的部门数据
2026-04-21 20:38:48.264 [http-nio-8080-exec-9] INFO  org.ycc.controller.DeptController-查询全部的部门数据
2026-04-21 20:38:48.287 [http-nio-8080-exec-10] INFO  org.ycc.controller.DeptController-查询全部的部门数据
2026-04-21 20:45:04.154 [http-nio-8080-exec-2] INFO  org.ycc.controller.DeptController-查询全部的部门数据
2026-04-21 20:45:04.172 [http-nio-8080-exec-3] INFO  org.ycc.controller.DeptController-查询全部的部门数据
2026-04-21 20:45:04.178 [http-nio-8080-exec-1] INFO  org.ycc.controller.DeptController-查询全部的部门数据
2026-04-21 20:45:04.184 [http-nio-8080-exec-4] INFO  org.ycc.controller.DeptController-查询全部的部门数据
2026-04-21 20:47:20.451 [http-nio-8080-exec-5] INFO  org.ycc.controller.DeptController-查询全部的部门数据
2026-04-21 20:47:20.477 [http-nio-8080-exec-6] INFO  org.ycc.controller.DeptController-查询全部的部门数据
2026-04-21 20:48:02.777 [http-nio-8080-exec-8] INFO  org.ycc.controller.DeptController-查询全部的部门数据
2026-04-21 20:48:02.797 [http-nio-8080-exec-7] INFO  org.ycc.controller.DeptController-查询全部的部门数据
2026-04-21 20:48:06.319 [http-nio-8080-exec-9] INFO  org.ycc.controller.DeptController-查询全部的部门数据
2026-04-21 20:50:57.469 [http-nio-8080-exec-10] ERROR org.ycc.exception.GlobalExceptionHandler-系统异常：
org.springframework.web.servlet.resource.NoResourceFoundException: No static resource .
	at org.springframework.web.servlet.resource.ResourceHttpRequestHandler.handleRequest(ResourceHttpRequestHandler.java:585)
	at org.springframework.web.servlet.mvc.HttpRequestHandlerAdapter.handle(HttpRequestHandlerAdapter.java:52)
	at org.springframework.web.servlet.DispatcherServlet.doDispatch(DispatcherServlet.java:1089)
	at org.springframework.web.servlet.DispatcherServlet.doService(DispatcherServlet.java:979)
	at org.springframework.web.servlet.FrameworkServlet.processRequest(FrameworkServlet.java:1014)
	at org.springframework.web.servlet.FrameworkServlet.doGet(FrameworkServlet.java:903)
	at jakarta.servlet.http.HttpServlet.service(HttpServlet.java:564)
	at org.springframework.web.servlet.FrameworkServlet.service(FrameworkServlet.java:885)
	at jakarta.servlet.http.HttpServlet.service(HttpServlet.java:658)
	at org.apache.catalina.core.ApplicationFilterChain.internalDoFilter(ApplicationFilterChain.java:193)
	at org.apache.catalina.core.ApplicationFilterChain.doFilter(ApplicationFilterChain.java:138)
	at org.apache.tomcat.websocket.server.WsFilter.doFilter(WsFilter.java:51)
	at org.apache.catalina.core.ApplicationFilterChain.internalDoFilter(ApplicationFilterChain.java:162)
	at org.apache.catalina.core.ApplicationFilterChain.doFilter(ApplicationFilterChain.java:138)
	at org.springframework.web.filter.RequestContextFilter.doFilterInternal(RequestContextFilter.java:100)
	at org.springframework.web.filter.OncePerRequestFilter.doFilter(OncePerRequestFilter.java:116)
	at org.apache.catalina.core.ApplicationFilterChain.internalDoFilter(ApplicationFilterChain.java:162)
	at org.apache.catalina.core.ApplicationFilterChain.doFilter(ApplicationFilterChain.java:138)
	at org.springframework.web.filter.FormContentFilter.doFilterInternal(FormContentFilter.java:93)
	at org.springframework.web.filter.OncePerRequestFilter.doFilter(OncePerRequestFilter.java:116)
	at org.apache.catalina.core.ApplicationFilterChain.internalDoFilter(ApplicationFilterChain.java:162)
	at org.apache.catalina.core.ApplicationFilterChain.doFilter(ApplicationFilterChain.java:138)
	at org.springframework.web.filter.ServerHttpObservationFilter.doFilterInternal(ServerHttpObservationFilter.java:110)
	at org.springframework.web.filter.OncePerRequestFilter.doFilter(OncePerRequestFilter.java:116)
	at org.apache.catalina.core.ApplicationFilterChain.internalDoFilter(ApplicationFilterChain.java:162)
	at org.apache.catalina.core.ApplicationFilterChain.doFilter(ApplicationFilterChain.java:138)
	at org.springframework.web.filter.CharacterEncodingFilter.doFilterInternal(CharacterEncodingFilter.java:201)
	at org.springframework.web.filter.OncePerRequestFilter.doFilter(OncePerRequestFilter.java:116)
	at org.apache.catalina.core.ApplicationFilterChain.internalDoFilter(ApplicationFilterChain.java:162)
	at org.apache.catalina.core.ApplicationFilterChain.doFilter(ApplicationFilterChain.java:138)
	at org.apache.catalina.core.StandardWrapperValve.invoke(StandardWrapperValve.java:165)
	at org.apache.catalina.core.StandardContextValve.invoke(StandardContextValve.java:88)
	at org.apache.catalina.authenticator.AuthenticatorBase.invoke(AuthenticatorBase.java:492)
	at org.apache.catalina.core.StandardHostValve.invoke(StandardHostValve.java:113)
	at org.apache.catalina.valves.ErrorReportValve.invoke(ErrorReportValve.java:83)
	at org.apache.catalina.core.StandardEngineValve.invoke(StandardEngineValve.java:72)
	at org.apache.catalina.connector.CoyoteAdapter.service(CoyoteAdapter.java:342)
	at org.apache.coyote.http11.Http11Processor.service(Http11Processor.java:399)
	at org.apache.coyote.AbstractProcessorLight.process(AbstractProcessorLight.java:63)
	at org.apache.coyote.AbstractProtocol$ConnectionHandler.process(AbstractProtocol.java:903)
	at org.apache.tomcat.util.net.NioEndpoint$SocketProcessor.doRun(NioEndpoint.java:1775)
	at org.apache.tomcat.util.net.SocketProcessorBase.run(SocketProcessorBase.java:52)
	at org.apache.tomcat.util.threads.ThreadPoolExecutor.runWorker(ThreadPoolExecutor.java:973)
	at org.apache.tomcat.util.threads.ThreadPoolExecutor$Worker.run(ThreadPoolExecutor.java:491)
	at org.apache.tomcat.util.threads.TaskThread$WrappingRunnable.run(TaskThread.java:63)
	at java.base/java.lang.Thread.run(Thread.java:840)
2026-04-21 20:50:57.511 [http-nio-8080-exec-2] ERROR org.ycc.exception.GlobalExceptionHandler-系统异常：
org.springframework.web.servlet.resource.NoResourceFoundException: No static resource favicon.ico.
	at org.springframework.web.servlet.resource.ResourceHttpRequestHandler.handleRequest(ResourceHttpRequestHandler.java:585)
	at org.springframework.web.servlet.mvc.HttpRequestHandlerAdapter.handle(HttpRequestHandlerAdapter.java:52)
	at org.springframework.web.servlet.DispatcherServlet.doDispatch(DispatcherServlet.java:1089)
	at org.springframework.web.servlet.DispatcherServlet.doService(DispatcherServlet.java:979)
	at org.springframework.web.servlet.FrameworkServlet.processRequest(FrameworkServlet.java:1014)
	at org.springframework.web.servlet.FrameworkServlet.doGet(FrameworkServlet.java:903)
	at jakarta.servlet.http.HttpServlet.service(HttpServlet.java:564)
	at org.springframework.web.servlet.FrameworkServlet.service(FrameworkServlet.java:885)
	at jakarta.servlet.http.HttpServlet.service(HttpServlet.java:658)
	at org.apache.catalina.core.ApplicationFilterChain.internalDoFilter(ApplicationFilterChain.java:193)
	at org.apache.catalina.core.ApplicationFilterChain.doFilter(ApplicationFilterChain.java:138)
	at org.apache.tomcat.websocket.server.WsFilter.doFilter(WsFilter.java:51)
	at org.apache.catalina.core.ApplicationFilterChain.internalDoFilter(ApplicationFilterChain.java:162)
	at org.apache.catalina.core.ApplicationFilterChain.doFilter(ApplicationFilterChain.java:138)
	at org.springframework.web.filter.RequestContextFilter.doFilterInternal(RequestContextFilter.java:100)
	at org.springframework.web.filter.OncePerRequestFilter.doFilter(OncePerRequestFilter.java:116)
	at org.apache.catalina.core.ApplicationFilterChain.internalDoFilter(ApplicationFilterChain.java:162)
	at org.apache.catalina.core.ApplicationFilterChain.doFilter(ApplicationFilterChain.java:138)
	at org.springframework.web.filter.FormContentFilter.doFilterInternal(FormContentFilter.java:93)
	at org.springframework.web.filter.OncePerRequestFilter.doFilter(OncePerRequestFilter.java:116)
	at org.apache.catalina.core.ApplicationFilterChain.internalDoFilter(ApplicationFilterChain.java:162)
	at org.apache.catalina.core.ApplicationFilterChain.doFilter(ApplicationFilterChain.java:138)
	at org.springframework.web.filter.ServerHttpObservationFilter.doFilterInternal(ServerHttpObservationFilter.java:110)
	at org.springframework.web.filter.OncePerRequestFilter.doFilter(OncePerRequestFilter.java:116)
	at org.apache.catalina.core.ApplicationFilterChain.internalDoFilter(ApplicationFilterChain.java:162)
	at org.apache.catalina.core.ApplicationFilterChain.doFilter(ApplicationFilterChain.java:138)
	at org.springframework.web.filter.CharacterEncodingFilter.doFilterInternal(CharacterEncodingFilter.java:201)
	at org.springframework.web.filter.OncePerRequestFilter.doFilter(OncePerRequestFilter.java:116)
	at org.apache.catalina.core.ApplicationFilterChain.internalDoFilter(ApplicationFilterChain.java:162)
	at org.apache.catalina.core.ApplicationFilterChain.doFilter(ApplicationFilterChain.java:138)
	at org.apache.catalina.core.StandardWrapperValve.invoke(StandardWrapperValve.java:165)
	at org.apache.catalina.core.StandardContextValve.invoke(StandardContextValve.java:88)
	at org.apache.catalina.authenticator.AuthenticatorBase.invoke(AuthenticatorBase.java:492)
	at org.apache.catalina.core.StandardHostValve.invoke(StandardHostValve.java:113)
	at org.apache.catalina.valves.ErrorReportValve.invoke(ErrorReportValve.java:83)
	at org.apache.catalina.core.StandardEngineValve.invoke(StandardEngineValve.java:72)
	at org.apache.catalina.connector.CoyoteAdapter.service(CoyoteAdapter.java:342)
	at org.apache.coyote.http11.Http11Processor.service(Http11Processor.java:399)
	at org.apache.coyote.AbstractProcessorLight.process(AbstractProcessorLight.java:63)
	at org.apache.coyote.AbstractProtocol$ConnectionHandler.process(AbstractProtocol.java:903)
	at org.apache.tomcat.util.net.NioEndpoint$SocketProcessor.doRun(NioEndpoint.java:1775)
	at org.apache.tomcat.util.net.SocketProcessorBase.run(SocketProcessorBase.java:52)
	at org.apache.tomcat.util.threads.ThreadPoolExecutor.runWorker(ThreadPoolExecutor.java:973)
	at org.apache.tomcat.util.threads.ThreadPoolExecutor$Worker.run(ThreadPoolExecutor.java:491)
	at org.apache.tomcat.util.threads.TaskThread$WrappingRunnable.run(TaskThread.java:63)
	at java.base/java.lang.Thread.run(Thread.java:840)
2026-04-21 20:51:01.474 [http-nio-8080-exec-3] INFO  org.ycc.controller.DeptController-查询全部的部门数据
2026-04-21 20:51:03.847 [http-nio-8080-exec-1] INFO  org.ycc.controller.DeptController-新增部门:Dept(id=null, name=, createTime=null, updateTime=null)
2026-04-21 20:51:03.876 [http-nio-8080-exec-1] INFO  org.ycc.aop.OperateLogAspect-记录操作日志成功：OperateLog(id=null, operateEmpId=null, operateEmpName=null, operateTime=2026-04-21T20:51:03.869474, className=org.ycc.controller.DeptController, methodName=add, methodParams=[{"id":null,"name":"","createTime":"2026-04-21T20:51:03.848696","updateTime":"2026-04-21T20:51:03.848713"}], returnValue={"code":1,"msg":"success","data":null}, costTime=22)
2026-04-21 20:51:03.886 [http-nio-8080-exec-4] INFO  org.ycc.controller.DeptController-查询全部的部门数据
2026-04-21 20:51:08.099 [http-nio-8080-exec-5] INFO  org.ycc.controller.DeptController-查询全部的部门数据
2026-04-21 20:52:41.901 [http-nio-8080-exec-7] INFO  org.ycc.controller.DeptController-查询全部的部门数据
2026-04-21 20:52:50.257 [http-nio-8080-exec-9] INFO  org.ycc.controller.DeptController-新增部门:Dept(id=null, name=研发1部, createTime=null, updateTime=null)
2026-04-21 20:52:50.265 [http-nio-8080-exec-9] INFO  org.ycc.aop.OperateLogAspect-记录操作日志成功：OperateLog(id=null, operateEmpId=null, operateEmpName=null, operateTime=2026-04-21T20:52:50.262695, className=org.ycc.controller.DeptController, methodName=add, methodParams=[{"id":null,"name":"研发1部","createTime":"2026-04-21T20:52:50.25752","updateTime":"2026-04-21T20:52:50.257527"}], returnValue={"code":1,"msg":"success","data":null}, costTime=6)
2026-04-21 20:52:50.277 [http-nio-8080-exec-10] INFO  org.ycc.controller.DeptController-查询全部的部门数据
2026-04-21 20:52:56.000 [http-nio-8080-exec-2] INFO  org.ycc.controller.DeptController-新增部门:Dept(id=null, name=研发1部, createTime=null, updateTime=null)
2026-04-21 20:52:56.099 [http-nio-8080-exec-2] WARN  org.ycc.exception.GlobalExceptionHandler-业务异常：
### Error updating database.  Cause: java.sql.SQLIntegrityConstraintViolationException: Duplicate entry '研发1部' for key 'dept.name'
### The error may exist in org/ycc/mapper/DeptMapper.java (best guess)
### The error may involve org.ycc.mapper.DeptMapper.insert-Inline
### The error occurred while setting parameters
### SQL: insert into tlias.dept(name, create_time, update_time) values (?,?,?)
### Cause: java.sql.SQLIntegrityConstraintViolationException: Duplicate entry '研发1部' for key 'dept.name'
; Duplicate entry '研发1部' for key 'dept.name'
2026-04-21 20:53:10.656 [http-nio-8080-exec-3] INFO  org.ycc.controller.DeptController-新增部门:Dept(id=null, name=研发1部, createTime=null, updateTime=null)
2026-04-21 20:53:10.661 [http-nio-8080-exec-3] WARN  org.ycc.exception.GlobalExceptionHandler-业务异常：
### Error updating database.  Cause: java.sql.SQLIntegrityConstraintViolationException: Duplicate entry '研发1部' for key 'dept.name'
### The error may exist in org/ycc/mapper/DeptMapper.java (best guess)
### The error may involve org.ycc.mapper.DeptMapper.insert-Inline
### The error occurred while setting parameters
### SQL: insert into tlias.dept(name, create_time, update_time) values (?,?,?)
### Cause: java.sql.SQLIntegrityConstraintViolationException: Duplicate entry '研发1部' for key 'dept.name'
; Duplicate entry '研发1部' for key 'dept.name'
2026-04-21 20:53:16.733 [http-nio-8080-exec-1] INFO  org.ycc.controller.DeptController-新增部门:Dept(id=null, name=研发1部, createTime=null, updateTime=null)
2026-04-21 20:53:16.740 [http-nio-8080-exec-1] WARN  org.ycc.exception.GlobalExceptionHandler-业务异常：
### Error updating database.  Cause: java.sql.SQLIntegrityConstraintViolationException: Duplicate entry '研发1部' for key 'dept.name'
### The error may exist in org/ycc/mapper/DeptMapper.java (best guess)
### The error may involve org.ycc.mapper.DeptMapper.insert-Inline
### The error occurred while setting parameters
### SQL: insert into tlias.dept(name, create_time, update_time) values (?,?,?)
### Cause: java.sql.SQLIntegrityConstraintViolationException: Duplicate entry '研发1部' for key 'dept.name'
; Duplicate entry '研发1部' for key 'dept.name'
2026-04-21 20:53:23.962 [http-nio-8080-exec-4] INFO  org.ycc.controller.DeptController-新增部门:Dept(id=null, name=研发1部, createTime=null, updateTime=null)
2026-04-21 20:53:23.966 [http-nio-8080-exec-4] WARN  org.ycc.exception.GlobalExceptionHandler-业务异常：
### Error updating database.  Cause: java.sql.SQLIntegrityConstraintViolationException: Duplicate entry '研发1部' for key 'dept.name'
### The error may exist in org/ycc/mapper/DeptMapper.java (best guess)
### The error may involve org.ycc.mapper.DeptMapper.insert-Inline
### The error occurred while setting parameters
### SQL: insert into tlias.dept(name, create_time, update_time) values (?,?,?)
### Cause: java.sql.SQLIntegrityConstraintViolationException: Duplicate entry '研发1部' for key 'dept.name'
; Duplicate entry '研发1部' for key 'dept.name'
2026-04-21 20:57:12.330 [SpringApplicationShutdownHook] INFO  o.s.boot.web.embedded.tomcat.GracefulShutdown-Commencing graceful shutdown. Waiting for active requests to complete
2026-04-21 20:57:12.333 [tomcat-shutdown] INFO  o.s.boot.web.embedded.tomcat.GracefulShutdown-Graceful shutdown complete
2026-04-21 20:57:12.338 [SpringApplicationShutdownHook] INFO  com.zaxxer.hikari.HikariDataSource-HikariPool-1 - Shutdown initiated...
2026-04-21 20:57:12.345 [SpringApplicationShutdownHook] INFO  com.zaxxer.hikari.HikariDataSource-HikariPool-1 - Shutdown completed.
2026-04-21 20:57:13.915 [main] INFO  org.ycc.TliasWebManagementApplication-Starting TliasWebManagementApplication using Java 17.0.15 with PID 50338 (/Users/yuanchengle/code/web-project/tlias-web-management/target/classes started by yuanchengle in /Users/yuanchengle/code/web-project)
2026-04-21 20:57:13.915 [main] INFO  org.ycc.TliasWebManagementApplication-No active profile set, falling back to 1 default profile: "default"
2026-04-21 20:57:14.334 [main] INFO  o.s.boot.web.embedded.tomcat.TomcatWebServer-Tomcat initialized with port 8080 (http)
2026-04-21 20:57:14.337 [main] INFO  org.apache.coyote.http11.Http11NioProtocol-Initializing ProtocolHandler ["http-nio-8080"]
2026-04-21 20:57:14.338 [main] INFO  org.apache.catalina.core.StandardService-Starting service [Tomcat]
2026-04-21 20:57:14.338 [main] INFO  org.apache.catalina.core.StandardEngine-Starting Servlet engine: [Apache Tomcat/10.1.53]
2026-04-21 20:57:14.351 [main] INFO  o.a.c.core.ContainerBase.[Tomcat].[localhost].[/]-Initializing Spring embedded WebApplicationContext
2026-04-21 20:57:14.351 [main] INFO  o.s.b.w.s.c.ServletWebServerApplicationContext-Root WebApplicationContext: initialization completed in 425 ms
2026-04-21 20:57:14.679 [main] INFO  o.s.b.actuate.endpoint.web.EndpointLinksResolver-Exposing 1 endpoint beneath base path '/actuator'
2026-04-21 20:57:14.698 [main] INFO  org.apache.coyote.http11.Http11NioProtocol-Starting ProtocolHandler ["http-nio-8080"]
2026-04-21 20:57:14.702 [main] INFO  o.s.boot.web.embedded.tomcat.TomcatWebServer-Tomcat started on port 8080 (http) with context path '/'
2026-04-21 20:57:14.708 [main] INFO  org.ycc.TliasWebManagementApplication-Started TliasWebManagementApplication in 0.913 seconds (process running for 1.204)
2026-04-21 20:57:14.905 [RMI TCP Connection(2)-127.0.0.1] INFO  o.a.c.core.ContainerBase.[Tomcat].[localhost].[/]-Initializing Spring DispatcherServlet 'dispatcherServlet'
2026-04-21 20:57:14.905 [RMI TCP Connection(2)-127.0.0.1] INFO  org.springframework.web.servlet.DispatcherServlet-Initializing Servlet 'dispatcherServlet'
2026-04-21 20:57:14.905 [RMI TCP Connection(1)-127.0.0.1] INFO  com.zaxxer.hikari.HikariDataSource-HikariPool-1 - Starting...
2026-04-21 20:57:14.906 [RMI TCP Connection(2)-127.0.0.1] INFO  org.springframework.web.servlet.DispatcherServlet-Completed initialization in 1 ms
2026-04-21 20:57:15.057 [RMI TCP Connection(1)-127.0.0.1] INFO  com.zaxxer.hikari.pool.HikariPool-HikariPool-1 - Added connection com.mysql.cj.jdbc.ConnectionImpl@400685ae
2026-04-21 20:57:15.058 [RMI TCP Connection(1)-127.0.0.1] INFO  com.zaxxer.hikari.HikariDataSource-HikariPool-1 - Start completed.
2026-04-21 20:57:25.657 [http-nio-8080-exec-1] INFO  org.ycc.controller.DeptController-新增部门:Dept(id=null, name=研发1部, createTime=null, updateTime=null)
2026-04-21 20:57:25.735 [http-nio-8080-exec-1] WARN  org.ycc.exception.GlobalExceptionHandler-数据库约束异常：
### Error updating database.  Cause: java.sql.SQLIntegrityConstraintViolationException: Duplicate entry '研发1部' for key 'dept.name'
### The error may exist in org/ycc/mapper/DeptMapper.java (best guess)
### The error may involve org.ycc.mapper.DeptMapper.insert-Inline
### The error occurred while setting parameters
### SQL: insert into tlias.dept(name, create_time, update_time) values (?,?,?)
### Cause: java.sql.SQLIntegrityConstraintViolationException: Duplicate entry '研发1部' for key 'dept.name'
; Duplicate entry '研发1部' for key 'dept.name'
