2026-04-29 20:40:35.686 [main] INFO  org.ycc.TliasWebManagementApplication-Starting TliasWebManagementApplication using Java 23.0.2 with PID 78287 (/Users/yuanchengle/code/tilas/web-project/tlias-web-management/target/classes started by yuanchengle in /Users/yuanchengle/code/tilas)
2026-04-29 20:40:35.686 [main] INFO  org.ycc.TliasWebManagementApplication-No active profile set, falling back to 1 default profile: "default"
2026-04-29 20:40:36.122 [main] INFO  o.s.boot.web.embedded.tomcat.TomcatWebServer-Tomcat initialized with port 8080 (http)
2026-04-29 20:40:36.126 [main] INFO  org.apache.coyote.http11.Http11NioProtocol-Initializing ProtocolHandler ["http-nio-8080"]
2026-04-29 20:40:36.127 [main] INFO  org.apache.catalina.core.StandardService-Starting service [Tomcat]
2026-04-29 20:40:36.127 [main] INFO  org.apache.catalina.core.StandardEngine-Starting Servlet engine: [Apache Tomcat/10.1.53]
2026-04-29 20:40:36.139 [main] INFO  o.a.c.core.ContainerBase.[Tomcat].[localhost].[/]-Initializing Spring embedded WebApplicationContext
2026-04-29 20:40:36.139 [main] INFO  o.s.b.w.s.c.ServletWebServerApplicationContext-Root WebApplicationContext: initialization completed in 438 ms
2026-04-29 20:40:36.484 [main] INFO  o.s.b.actuate.endpoint.web.EndpointLinksResolver-Exposing 1 endpoint beneath base path '/actuator'
2026-04-29 20:40:36.502 [main] INFO  org.apache.coyote.http11.Http11NioProtocol-Starting ProtocolHandler ["http-nio-8080"]
2026-04-29 20:40:36.506 [main] INFO  o.s.boot.web.embedded.tomcat.TomcatWebServer-Tomcat started on port 8080 (http) with context path '/'
2026-04-29 20:40:36.511 [main] INFO  org.ycc.TliasWebManagementApplication-Started TliasWebManagementApplication in 0.946 seconds (process running for 1.246)
2026-04-29 20:40:36.899 [RMI TCP Connection(1)-127.0.0.1] INFO  o.a.c.core.ContainerBase.[Tomcat].[localhost].[/]-Initializing Spring DispatcherServlet 'dispatcherServlet'
2026-04-29 20:40:36.899 [RMI TCP Connection(1)-127.0.0.1] INFO  org.springframework.web.servlet.DispatcherServlet-Initializing Servlet 'dispatcherServlet'
2026-04-29 20:40:36.899 [RMI TCP Connection(2)-127.0.0.1] INFO  com.zaxxer.hikari.HikariDataSource-HikariPool-1 - Starting...
2026-04-29 20:40:36.900 [RMI TCP Connection(1)-127.0.0.1] INFO  org.springframework.web.servlet.DispatcherServlet-Completed initialization in 1 ms
2026-04-29 20:40:37.093 [RMI TCP Connection(2)-127.0.0.1] INFO  com.zaxxer.hikari.pool.HikariPool-HikariPool-1 - Added connection com.mysql.cj.jdbc.ConnectionImpl@52f9d26c
2026-04-29 20:40:37.093 [RMI TCP Connection(2)-127.0.0.1] INFO  com.zaxxer.hikari.HikariDataSource-HikariPool-1 - Start completed.
2026-04-29 20:40:49.716 [http-nio-8080-exec-1] INFO  org.ycc.filter.TokenFilter-令牌为空
2026-04-29 20:40:52.511 [http-nio-8080-exec-2] INFO  org.ycc.filter.TokenFilter-令牌为空
2026-04-29 20:41:07.713 [http-nio-8080-exec-3] INFO  org.ycc.filter.TokenFilter-令牌为空
2026-04-29 20:41:11.946 [http-nio-8080-exec-4] INFO  org.ycc.filter.TokenFilter-登录请求，放行
2026-04-29 20:41:11.974 [http-nio-8080-exec-4] ERROR org.ycc.exception.GlobalExceptionHandler-系统异常：
org.springframework.web.HttpRequestMethodNotSupportedException: Request method 'GET' is not supported
	at org.springframework.web.servlet.mvc.method.RequestMappingInfoHandlerMapping.handleNoMatch(RequestMappingInfoHandlerMapping.java:267)
	at org.springframework.web.servlet.handler.AbstractHandlerMethodMapping.lookupHandlerMethod(AbstractHandlerMethodMapping.java:441)
	at org.springframework.web.servlet.handler.AbstractHandlerMethodMapping.getHandlerInternal(AbstractHandlerMethodMapping.java:382)
	at org.springframework.web.servlet.mvc.method.RequestMappingInfoHandlerMapping.getHandlerInternal(RequestMappingInfoHandlerMapping.java:127)
	at org.springframework.web.servlet.mvc.method.RequestMappingInfoHandlerMapping.getHandlerInternal(RequestMappingInfoHandlerMapping.java:68)
	at org.springframework.web.servlet.handler.AbstractHandlerMapping.getHandler(AbstractHandlerMapping.java:509)
	at org.springframework.web.servlet.DispatcherServlet.getHandler(DispatcherServlet.java:1284)
	at org.springframework.web.servlet.DispatcherServlet.doDispatch(DispatcherServlet.java:1065)
	at org.springframework.web.servlet.DispatcherServlet.doService(DispatcherServlet.java:979)
	at org.springframework.web.servlet.FrameworkServlet.processRequest(FrameworkServlet.java:1014)
	at org.springframework.web.servlet.FrameworkServlet.doGet(FrameworkServlet.java:903)
	at jakarta.servlet.http.HttpServlet.service(HttpServlet.java:564)
	at org.springframework.web.servlet.FrameworkServlet.service(FrameworkServlet.java:885)
	at jakarta.servlet.http.HttpServlet.service(HttpServlet.java:658)
	at org.apache.catalina.core.ApplicationFilterChain.internalDoFilter(ApplicationFilterChain.java:193)
	at org.apache.catalina.core.ApplicationFilterChain.doFilter(ApplicationFilterChain.java:138)
	at org.apache.tomcat.websocket.server.WsFilter.doFilter(WsFilter.java:51)
	at org.apache.catalina.core.ApplicationFilterChain.internalDoFilter(ApplicationFilterChain.java:162)
	at org.apache.catalina.core.ApplicationFilterChain.doFilter(ApplicationFilterChain.java:138)
	at org.ycc.filter.TokenFilter.doFilter(TokenFilter.java:26)
	at org.apache.catalina.core.ApplicationFilterChain.internalDoFilter(ApplicationFilterChain.java:162)
	at org.apache.catalina.core.ApplicationFilterChain.doFilter(ApplicationFilterChain.java:138)
	at org.springframework.web.filter.RequestContextFilter.doFilterInternal(RequestContextFilter.java:100)
	at org.springframework.web.filter.OncePerRequestFilter.doFilter(OncePerRequestFilter.java:116)
	at org.apache.catalina.core.ApplicationFilterChain.internalDoFilter(ApplicationFilterChain.java:162)
	at org.apache.catalina.core.ApplicationFilterChain.doFilter(ApplicationFilterChain.java:138)
	at org.springframework.web.filter.FormContentFilter.doFilterInternal(FormContentFilter.java:93)
	at org.springframework.web.filter.OncePerRequestFilter.doFilter(OncePerRequestFilter.java:116)
	at org.apache.catalina.core.ApplicationFilterChain.internalDoFilter(ApplicationFilterChain.java:162)
	at org.apache.catalina.core.ApplicationFilterChain.doFilter(ApplicationFilterChain.java:138)
	at org.springframework.web.filter.ServerHttpObservationFilter.doFilterInternal(ServerHttpObservationFilter.java:110)
	at org.springframework.web.filter.OncePerRequestFilter.doFilter(OncePerRequestFilter.java:116)
	at org.apache.catalina.core.ApplicationFilterChain.internalDoFilter(ApplicationFilterChain.java:162)
	at org.apache.catalina.core.ApplicationFilterChain.doFilter(ApplicationFilterChain.java:138)
	at org.springframework.web.filter.CharacterEncodingFilter.doFilterInternal(CharacterEncodingFilter.java:201)
	at org.springframework.web.filter.OncePerRequestFilter.doFilter(OncePerRequestFilter.java:116)
	at org.apache.catalina.core.ApplicationFilterChain.internalDoFilter(ApplicationFilterChain.java:162)
	at org.apache.catalina.core.ApplicationFilterChain.doFilter(ApplicationFilterChain.java:138)
	at org.apache.catalina.core.StandardWrapperValve.invoke(StandardWrapperValve.java:165)
	at org.apache.catalina.core.StandardContextValve.invoke(StandardContextValve.java:88)
	at org.apache.catalina.authenticator.AuthenticatorBase.invoke(AuthenticatorBase.java:492)
	at org.apache.catalina.core.StandardHostValve.invoke(StandardHostValve.java:113)
	at org.apache.catalina.valves.ErrorReportValve.invoke(ErrorReportValve.java:83)
	at org.apache.catalina.core.StandardEngineValve.invoke(StandardEngineValve.java:72)
	at org.apache.catalina.connector.CoyoteAdapter.service(CoyoteAdapter.java:342)
	at org.apache.coyote.http11.Http11Processor.service(Http11Processor.java:399)
	at org.apache.coyote.AbstractProcessorLight.process(AbstractProcessorLight.java:63)
	at org.apache.coyote.AbstractProtocol$ConnectionHandler.process(AbstractProtocol.java:903)
	at org.apache.tomcat.util.net.NioEndpoint$SocketProcessor.doRun(NioEndpoint.java:1775)
	at org.apache.tomcat.util.net.SocketProcessorBase.run(SocketProcessorBase.java:52)
	at org.apache.tomcat.util.threads.ThreadPoolExecutor.runWorker(ThreadPoolExecutor.java:973)
	at org.apache.tomcat.util.threads.ThreadPoolExecutor$Worker.run(ThreadPoolExecutor.java:491)
	at org.apache.tomcat.util.threads.TaskThread$WrappingRunnable.run(TaskThread.java:63)
	at java.base/java.lang.Thread.run(Thread.java:1575)
2026-04-29 20:41:51.363 [http-nio-8080-exec-6] INFO  org.ycc.filter.TokenFilter-登录请求，放行
2026-04-29 20:41:51.424 [http-nio-8080-exec-6] INFO  org.ycc.controller.LoginConcroller-登录:Emp(id=null, username=ycc, password=123456, name=null, gender=null, phone=null, job=null, salary=null, image=null, entryDate=null, deptId=null, createTime=null, updateTime=null, deptName=null, exprList=null)
2026-04-29 20:41:56.774 [http-nio-8080-exec-7] INFO  org.ycc.filter.TokenFilter-登录请求，放行
2026-04-29 20:41:56.775 [http-nio-8080-exec-7] INFO  org.ycc.controller.LoginConcroller-登录:Emp(id=null, username=admin, password=123456, name=null, gender=null, phone=null, job=null, salary=null, image=null, entryDate=null, deptId=null, createTime=null, updateTime=null, deptName=null, exprList=null)
2026-04-29 20:42:00.685 [http-nio-8080-exec-8] INFO  org.ycc.filter.TokenFilter-登录请求，放行
2026-04-29 20:42:00.686 [http-nio-8080-exec-8] INFO  org.ycc.controller.LoginConcroller-登录:Emp(id=null, username=songjiang, password=123456, name=null, gender=null, phone=null, job=null, salary=null, image=null, entryDate=null, deptId=null, createTime=null, updateTime=null, deptName=null, exprList=null)
2026-04-29 20:42:00.693 [http-nio-8080-exec-8] INFO  org.ycc.service.impl.EmpServiceImpl-员工登录成功：Emp(id=2, username=songjiang, password=null, name=宋江, gender=null, phone=null, job=null, salary=null, image=null, entryDate=null, deptId=null, createTime=null, updateTime=null, deptName=null, exprList=null)
2026-04-29 20:42:03.770 [http-nio-8080-exec-9] INFO  org.ycc.filter.TokenFilter-令牌解析成功,放行
2026-04-29 20:42:03.770 [http-nio-8080-exec-10] INFO  org.ycc.filter.TokenFilter-令牌解析成功,放行
2026-04-29 20:42:03.771 [http-nio-8080-exec-10] INFO  org.ycc.controller.ReportController-统计员工性别信息
2026-04-29 20:42:03.771 [http-nio-8080-exec-9] INFO  org.ycc.controller.ReportController-统计各个职位的员工人数
2026-04-29 20:42:04.658 [http-nio-8080-exec-2] INFO  org.ycc.filter.TokenFilter-令牌解析成功,放行
2026-04-29 20:42:04.658 [http-nio-8080-exec-1] INFO  org.ycc.filter.TokenFilter-令牌解析成功,放行
2026-04-29 20:42:04.659 [http-nio-8080-exec-1] INFO  org.ycc.controller.ReportController-学员学历统计
2026-04-29 20:42:04.659 [http-nio-8080-exec-2] INFO  org.ycc.controller.ReportController-学员人数统计
2026-04-29 20:42:08.314 [http-nio-8080-exec-4] INFO  org.ycc.filter.TokenFilter-令牌解析成功,放行
2026-04-29 20:42:08.317 [http-nio-8080-exec-4] INFO  org.ycc.controller.DeptController-查询全部的部门数据
2026-04-29 20:42:09.143 [http-nio-8080-exec-6] INFO  org.ycc.filter.TokenFilter-令牌解析成功,放行
2026-04-29 20:42:09.143 [http-nio-8080-exec-5] INFO  org.ycc.filter.TokenFilter-令牌解析成功,放行
2026-04-29 20:42:09.144 [http-nio-8080-exec-6] INFO  org.ycc.controller.DeptController-查询全部的部门数据
2026-04-29 20:42:09.154 [http-nio-8080-exec-5] INFO  org.ycc.controller.Empcontroller-分页查询：EmpQueryParam(page=1, pageSize=10, name=, gender=null, begin=null, end=null)
2026-04-29 20:42:12.754 [http-nio-8080-exec-7] INFO  org.ycc.filter.TokenFilter-令牌解析成功,放行
2026-04-29 20:42:12.754 [http-nio-8080-exec-8] INFO  org.ycc.filter.TokenFilter-令牌解析成功,放行
2026-04-29 20:42:12.756 [http-nio-8080-exec-8] INFO  org.ycc.controller.ClazzsController-条件分页查询班级数据：ClazzQueryParam(page=1, pageSize=10, name=, begin=null, end=null)
2026-04-29 20:42:12.762 [http-nio-8080-exec-7] WARN  org.ycc.exception.GlobalExceptionHandler-业务异常：Method parameter 'id': Failed to convert value of type 'java.lang.String' to required type 'java.lang.Integer'; For input string: "list"
2026-04-29 20:42:13.342 [http-nio-8080-exec-9] INFO  org.ycc.filter.TokenFilter-令牌解析成功,放行
2026-04-29 20:42:13.342 [http-nio-8080-exec-10] INFO  org.ycc.filter.TokenFilter-令牌解析成功,放行
2026-04-29 20:42:13.344 [http-nio-8080-exec-9] INFO  org.ycc.controller.ClazzsController-查询所有班级
2026-04-29 20:42:13.345 [http-nio-8080-exec-10] INFO  org.ycc.controller.StudentsConcroller-学员分页查询：StudentQueryParam(page=1, pageSize=10, name=, degree=null, clazzId=null)
2026-04-29 20:42:57.242 [http-nio-8080-exec-1] INFO  org.ycc.filter.TokenFilter-登录请求，放行
2026-04-29 20:42:57.276 [http-nio-8080-exec-1] ERROR org.ycc.exception.GlobalExceptionHandler-系统异常：
org.springframework.web.servlet.resource.NoResourceFoundException: No static resource employee/login.
	at org.springframework.web.servlet.resource.ResourceHttpRequestHandler.handleRequest(ResourceHttpRequestHandler.java:585)
	at org.springframework.web.servlet.mvc.HttpRequestHandlerAdapter.handle(HttpRequestHandlerAdapter.java:52)
	at org.springframework.web.servlet.DispatcherServlet.doDispatch(DispatcherServlet.java:1089)
	at org.springframework.web.servlet.DispatcherServlet.doService(DispatcherServlet.java:979)
	at org.springframework.web.servlet.FrameworkServlet.processRequest(FrameworkServlet.java:1014)
	at org.springframework.web.servlet.FrameworkServlet.doPost(FrameworkServlet.java:914)
	at jakarta.servlet.http.HttpServlet.service(HttpServlet.java:590)
	at org.springframework.web.servlet.FrameworkServlet.service(FrameworkServlet.java:885)
	at jakarta.servlet.http.HttpServlet.service(HttpServlet.java:658)
	at org.apache.catalina.core.ApplicationFilterChain.internalDoFilter(ApplicationFilterChain.java:193)
	at org.apache.catalina.core.ApplicationFilterChain.doFilter(ApplicationFilterChain.java:138)
	at org.apache.tomcat.websocket.server.WsFilter.doFilter(WsFilter.java:51)
	at org.apache.catalina.core.ApplicationFilterChain.internalDoFilter(ApplicationFilterChain.java:162)
	at org.apache.catalina.core.ApplicationFilterChain.doFilter(ApplicationFilterChain.java:138)
	at org.ycc.filter.TokenFilter.doFilter(TokenFilter.java:26)
	at org.apache.catalina.core.ApplicationFilterChain.internalDoFilter(ApplicationFilterChain.java:162)
	at org.apache.catalina.core.ApplicationFilterChain.doFilter(ApplicationFilterChain.java:138)
	at org.springframework.web.filter.RequestContextFilter.doFilterInternal(RequestContextFilter.java:100)
	at org.springframework.web.filter.OncePerRequestFilter.doFilter(OncePerRequestFilter.java:116)
	at org.apache.catalina.core.ApplicationFilterChain.internalDoFilter(ApplicationFilterChain.java:162)
	at org.apache.catalina.core.ApplicationFilterChain.doFilter(ApplicationFilterChain.java:138)
	at org.springframework.web.filter.FormContentFilter.doFilterInternal(FormContentFilter.java:93)
	at org.springframework.web.filter.OncePerRequestFilter.doFilter(OncePerRequestFilter.java:116)
	at org.apache.catalina.core.ApplicationFilterChain.internalDoFilter(ApplicationFilterChain.java:162)
	at org.apache.catalina.core.ApplicationFilterChain.doFilter(ApplicationFilterChain.java:138)
	at org.springframework.web.filter.ServerHttpObservationFilter.doFilterInternal(ServerHttpObservationFilter.java:110)
	at org.springframework.web.filter.OncePerRequestFilter.doFilter(OncePerRequestFilter.java:116)
	at org.apache.catalina.core.ApplicationFilterChain.internalDoFilter(ApplicationFilterChain.java:162)
	at org.apache.catalina.core.ApplicationFilterChain.doFilter(ApplicationFilterChain.java:138)
	at org.springframework.web.filter.CharacterEncodingFilter.doFilterInternal(CharacterEncodingFilter.java:201)
	at org.springframework.web.filter.OncePerRequestFilter.doFilter(OncePerRequestFilter.java:116)
	at org.apache.catalina.core.ApplicationFilterChain.internalDoFilter(ApplicationFilterChain.java:162)
	at org.apache.catalina.core.ApplicationFilterChain.doFilter(ApplicationFilterChain.java:138)
	at org.apache.catalina.core.StandardWrapperValve.invoke(StandardWrapperValve.java:165)
	at org.apache.catalina.core.StandardContextValve.invoke(StandardContextValve.java:88)
	at org.apache.catalina.authenticator.AuthenticatorBase.invoke(AuthenticatorBase.java:492)
	at org.apache.catalina.core.StandardHostValve.invoke(StandardHostValve.java:113)
	at org.apache.catalina.valves.ErrorReportValve.invoke(ErrorReportValve.java:83)
	at org.apache.catalina.core.StandardEngineValve.invoke(StandardEngineValve.java:72)
	at org.apache.catalina.connector.CoyoteAdapter.service(CoyoteAdapter.java:342)
	at org.apache.coyote.http11.Http11Processor.service(Http11Processor.java:399)
	at org.apache.coyote.AbstractProcessorLight.process(AbstractProcessorLight.java:63)
	at org.apache.coyote.AbstractProtocol$ConnectionHandler.process(AbstractProtocol.java:903)
	at org.apache.tomcat.util.net.NioEndpoint$SocketProcessor.doRun(NioEndpoint.java:1775)
	at org.apache.tomcat.util.net.SocketProcessorBase.run(SocketProcessorBase.java:52)
	at org.apache.tomcat.util.threads.ThreadPoolExecutor.runWorker(ThreadPoolExecutor.java:973)
	at org.apache.tomcat.util.threads.ThreadPoolExecutor$Worker.run(ThreadPoolExecutor.java:491)
	at org.apache.tomcat.util.threads.TaskThread$WrappingRunnable.run(TaskThread.java:63)
	at java.base/java.lang.Thread.run(Thread.java:1575)
2026-04-29 20:43:09.700 [SpringApplicationShutdownHook] INFO  o.s.boot.web.embedded.tomcat.GracefulShutdown-Commencing graceful shutdown. Waiting for active requests to complete
2026-04-29 20:43:09.703 [tomcat-shutdown] INFO  o.s.boot.web.embedded.tomcat.GracefulShutdown-Graceful shutdown complete
2026-04-29 20:43:09.706 [SpringApplicationShutdownHook] INFO  com.zaxxer.hikari.HikariDataSource-HikariPool-1 - Shutdown initiated...
2026-04-29 20:43:09.709 [SpringApplicationShutdownHook] INFO  com.zaxxer.hikari.HikariDataSource-HikariPool-1 - Shutdown completed.
